// Jest Snapshot v1, https://goo.gl/fbAQLP

exports[`SplashScreen matches the snapshot 1`] = `
<View
  style={
    {
      "alignItems": "center",
      "backgroundColor": "#F2F5FF",
      "flex": 1,
      "justifyContent": "center",
      "marginTop": 70,
    }
  }
>
  <View>
    <ActivityIndicator
      color="#9C2CF3"
      size="large"
    />
  </View>
</View>
`;
